// Jest Snapshot v1, https://goo.gl/fbAQLP

exports[`tech small component. matches snapshot 1`] = `
<div
  className="sc-AxjAm krZeBP"
  data-testid="tech"
  onClick={[Function]}
/>
`;
