// Jest Snapshot v1, https://goo.gl/fbAQLP

exports[`Intro / about me element on landing page. matches snapshot 1`] = `
<section
  className="sc-AxjAm nIveR wrap"
  id="about"
>
  <test-file-stub
    id="corner"
  />
  <div
    className="heading"
    data-testid="intro-heading"
  >
    <h1>
      About
    </h1>
    <h1>
      Me
    </h1>
  </div>
  <div
    className="sc-AxirZ dhjTKK"
    style={
      Object {
        "opacity": 0,
        "transform": "translateY(-100px) translateZ(0)",
      }
    }
  >
    <div
      className="img"
    >
      <div
        className=" gatsby-image-wrapper"
        style={
          Object {
            "maxHeight": null,
            "maxWidth": null,
            "overflow": "hidden",
            "position": "relative",
          }
        }
      >
        <div
          aria-hidden={true}
          style={
            Object {
              "paddingBottom": "NaN%",
              "width": "100%",
            }
          }
        />
        <picture>
          <source />
          <img
            alt=""
            loading="lazy"
            onLoad={[Function]}
            style={
              Object {
                "height": "100%",
                "left": 0,
                "objectFit": "cover",
                "objectPosition": "center",
                "opacity": 0,
                "position": "absolute",
                "top": 0,
                "transition": "opacity 500ms",
                "width": "100%",
              }
            }
          />
        </picture>
        <noscript
          dangerouslySetInnerHTML={
            Object {
              "__html": "<picture><source srcset=\\"undefined\\" /><img loading=\\"lazy\\" src=\\"\\" alt=\\"\\" style=\\"position:absolute;top:0;left:0;opacity:1;width:100%;height:100%;object-fit:cover;object-position:center\\"/></picture>",
            }
          }
        />
      </div>
    </div>
    <p
      data-testid="intro-par"
    >
      some mock text
    </p>
  </div>
</section>
`;
