// Jest Snapshot v1, https://goo.gl/fbAQLP

exports[`matches snapshot 1`] = `
<button
  className="sc-AxjAm hNoFXg"
  color="def"
  data-testid="button"
  style={Object {}}
>
  Test
</button>
`;
