// Jest Snapshot v1, https://goo.gl/fbAQLP

exports[`Navigation component on layout matches snapshot 1`] = `null`;
